// Jest Snapshot v1, https://goo.gl/fbAQLP

exports[`Shop component renders 1`] = `
<DocumentFragment>
  <div
    class="shop"
  >
    <div
      class="shop-header"
    >
      <span>
        Cart items: 0
      </span>
      <button>
        Check out and pay
      </button>
    </div>
    <div
      class="shop-item"
    >
      <h2>
        Elixir Collector
      </h2>
      <img
        alt="Elixir Collector"
        src="ElixirCollectorCard.webp"
      />
      <div>
        Price: $60
      </div>
      <input
        type="number"
        value="0"
      />
    </div>
    <div
      class="shop-item"
    >
      <h2>
        Level 10 Wall
      </h2>
      <img
        alt="Level 10 Wall"
        src="Wall10.webp"
      />
      <div>
        Price: $20
      </div>
      <input
        type="number"
        value="0"
      />
    </div>
    <div
      class="shop-item"
    >
      <h2>
        Phantom
      </h2>
      <img
        alt="Phantom"
        src="Phantom.webp"
      />
      <div>
        Price: $29
      </div>
      <input
        type="number"
        value="0"
      />
    </div>
    <div
      class="shop-item"
    >
      <h2>
        Rabadon's Deathcap
      </h2>
      <img
        alt="Rabadon's Deathcap"
        src="Rabadons_Deathcap.webp"
      />
      <div>
        Price: $36
      </div>
      <input
        type="number"
        value="0"
      />
    </div>
  </div>
</DocumentFragment>
`;
